
> @evograph/cli@0.1.0 prepack
> npm run build


> @evograph/cli@0.1.0 build
> tsc && tsc-alias -p tsconfig.json

npm notice
npm notice 📦  @evograph/cli@0.1.0
npm notice Tarball Contents
npm notice 747B LICENSE
npm notice 6.1kB README.md
npm notice 51B bin/ecs.js
npm notice 46B dist/cli/index.d.ts
npm notice 111B dist/cli/index.d.ts.map
npm notice 5.1kB dist/cli/index.js
npm notice 3.6kB dist/cli/index.js.map
npm notice 575B dist/features/create/close-session.command.d.ts
npm notice 686B dist/features/create/close-session.command.d.ts.map
npm notice 5.0kB dist/features/create/close-session.command.js
npm notice 4.6kB dist/features/create/close-session.command.js.map
npm notice 376B dist/features/create/create.command.d.ts
npm notice 420B dist/features/create/create.command.d.ts.map
npm notice 9.5kB dist/features/create/create.command.js
npm notice 9.4kB dist/features/create/create.command.js.map
npm notice 2.0kB dist/features/create/create.service.d.ts
npm notice 1.9kB dist/features/create/create.service.d.ts.map
npm notice 3.0kB dist/features/create/create.service.js
npm notice 3.4kB dist/features/create/create.service.js.map
npm notice 465B dist/features/create/git.service.d.ts
npm notice 478B dist/features/create/git.service.d.ts.map
npm notice 1.7kB dist/features/create/git.service.js
npm notice 2.2kB dist/features/create/git.service.js.map
npm notice 100B dist/features/explore/browse.command.d.ts
npm notice 170B dist/features/explore/browse.command.d.ts.map
npm notice 3.6kB dist/features/explore/browse.command.js
npm notice 3.7kB dist/features/explore/browse.command.js.map
npm notice 171B dist/features/explore/context.command.d.ts
npm notice 269B dist/features/explore/context.command.d.ts.map
npm notice 3.3kB dist/features/explore/context.command.js
npm notice 3.9kB dist/features/explore/context.command.js.map
npm notice 96B dist/features/explore/show.command.d.ts
npm notice 184B dist/features/explore/show.command.d.ts.map
npm notice 1.4kB dist/features/explore/show.command.js
npm notice 1.6kB dist/features/explore/show.command.js.map
npm notice 100B dist/features/graph/graph.command.d.ts
npm notice 189B dist/features/graph/graph.command.d.ts.map
npm notice 3.4kB dist/features/graph/graph.command.js
npm notice 3.9kB dist/features/graph/graph.command.js.map
npm notice 264B dist/features/graph/graph.index.d.ts
npm notice 350B dist/features/graph/graph.index.d.ts.map
npm notice 1.1kB dist/features/graph/graph.index.js
npm notice 1.4kB dist/features/graph/graph.index.js.map
npm notice 856B dist/features/graph/graph.repository.d.ts
npm notice 967B dist/features/graph/graph.repository.d.ts.map
npm notice 2.5kB dist/features/graph/graph.repository.js
npm notice 2.8kB dist/features/graph/graph.repository.js.map
npm notice 230B dist/features/graph/link.command.d.ts
npm notice 343B dist/features/graph/link.command.d.ts.map
npm notice 1.1kB dist/features/graph/link.command.js
npm notice 1.3kB dist/features/graph/link.command.js.map
npm notice 228B dist/features/graph/traverse.command.d.ts
npm notice 282B dist/features/graph/traverse.command.d.ts.map
npm notice 1.2kB dist/features/graph/traverse.command.js
npm notice 1.3kB dist/features/graph/traverse.command.js.map
npm notice 218B dist/features/init/init.command.d.ts
npm notice 338B dist/features/init/init.command.d.ts.map
npm notice 4.6kB dist/features/init/init.command.js
npm notice 4.7kB dist/features/init/init.command.js.map
npm notice 718B dist/features/init/scaffold-agents.d.ts
npm notice 720B dist/features/init/scaffold-agents.d.ts.map
npm notice 3.7kB dist/features/init/scaffold-agents.js
npm notice 4.2kB dist/features/init/scaffold-agents.js.map
npm notice 626B dist/features/init/templates.d.ts
npm notice 540B dist/features/init/templates.d.ts.map
npm notice 3.2kB dist/features/init/templates.js
npm notice 1.0kB dist/features/init/templates.js.map
npm notice 412B dist/features/objects/change/Change.d.ts
npm notice 437B dist/features/objects/change/Change.d.ts.map
npm notice 559B dist/features/objects/change/Change.js
npm notice 653B dist/features/objects/change/Change.js.map
npm notice 288B dist/features/objects/change/ChangeContent.d.ts
npm notice 420B dist/features/objects/change/ChangeContent.d.ts.map
npm notice 52B dist/features/objects/change/ChangeContent.js
npm notice 151B dist/features/objects/change/ChangeContent.js.map
npm notice 428B dist/features/objects/decision/Decision.d.ts
npm notice 444B dist/features/objects/decision/Decision.d.ts.map
npm notice 747B dist/features/objects/decision/Decision.js
npm notice 857B dist/features/objects/decision/Decision.js.map
npm notice 346B dist/features/objects/decision/DecisionContent.d.ts
npm notice 413B dist/features/objects/decision/DecisionContent.d.ts.map
npm notice 148B dist/features/objects/decision/DecisionContent.js
npm notice 239B dist/features/objects/decision/DecisionContent.js.map
npm notice 396B dist/features/objects/edge/Edge.d.ts
npm notice 432B dist/features/objects/edge/Edge.d.ts.map
npm notice 850B dist/features/objects/edge/Edge.js
npm notice 975B dist/features/objects/edge/Edge.js.map
npm notice 367B dist/features/objects/edge/EdgeContent.d.ts
npm notice 408B dist/features/objects/edge/EdgeContent.d.ts.map
npm notice 236B dist/features/objects/edge/EdgeContent.js
npm notice 326B dist/features/objects/edge/EdgeContent.js.map
npm notice 94B dist/features/objects/list.command.d.ts
npm notice 165B dist/features/objects/list.command.d.ts.map
npm notice 390B dist/features/objects/list.command.js
npm notice 506B dist/features/objects/list.command.js.map
npm notice 396B dist/features/objects/note/Note.d.ts
npm notice 431B dist/features/objects/note/Note.d.ts.map
npm notice 478B dist/features/objects/note/Note.js
npm notice 607B dist/features/objects/note/Note.js.map
npm notice 111B dist/features/objects/note/NoteContent.d.ts
npm notice 222B dist/features/objects/note/NoteContent.d.ts.map
npm notice 50B dist/features/objects/note/NoteContent.js
npm notice 145B dist/features/objects/note/NoteContent.js.map
npm notice 797B dist/features/objects/object.repository.d.ts
npm notice 922B dist/features/objects/object.repository.d.ts.map
npm notice 1.1kB dist/features/objects/object.repository.js
npm notice 1.1kB dist/features/objects/object.repository.js.map
npm notice 516B dist/features/objects/object.store.d.ts
npm notice 554B dist/features/objects/object.store.d.ts.map
npm notice 3.7kB dist/features/objects/object.store.js
npm notice 4.2kB dist/features/objects/object.store.js.map
npm notice 404B dist/features/objects/object.view.d.ts
npm notice 486B dist/features/objects/object.view.d.ts.map
npm notice 3.4kB dist/features/objects/object.view.js
npm notice 4.2kB dist/features/objects/object.view.js.map
npm notice 420B dist/features/objects/problem/Problem.d.ts
npm notice 440B dist/features/objects/problem/Problem.d.ts.map
npm notice 626B dist/features/objects/problem/Problem.js
npm notice 735B dist/features/objects/problem/Problem.js.map
npm notice 249B dist/features/objects/problem/ProblemContent.d.ts
npm notice 322B dist/features/objects/problem/ProblemContent.d.ts.map
npm notice 107B dist/features/objects/problem/ProblemContent.js
npm notice 233B dist/features/objects/problem/ProblemContent.js.map
npm notice 252B dist/features/objects/registry.d.ts
npm notice 297B dist/features/objects/registry.d.ts.map
npm notice 858B dist/features/objects/registry.js
npm notice 995B dist/features/objects/registry.js.map
npm notice 257B dist/kernel/author.d.ts
npm notice 326B dist/kernel/author.d.ts.map
npm notice 670B dist/kernel/author.js
npm notice 815B dist/kernel/author.js.map
npm notice 462B dist/kernel/ECSObject.d.ts
npm notice 507B dist/kernel/ECSObject.d.ts.map
npm notice 808B dist/kernel/ECSObject.js
npm notice 901B dist/kernel/ECSObject.js.map
npm notice 383B dist/kernel/ECSObjectRecord.d.ts
npm notice 520B dist/kernel/ECSObjectRecord.d.ts.map
npm notice 54B dist/kernel/ECSObjectRecord.js
npm notice 132B dist/kernel/ECSObjectRecord.js.map
npm notice 89B dist/kernel/hash.d.ts
npm notice 164B dist/kernel/hash.d.ts.map
npm notice 197B dist/kernel/hash.js
npm notice 278B dist/kernel/hash.js.map
npm notice 238B dist/kernel/paths.d.ts
npm notice 272B dist/kernel/paths.d.ts.map
npm notice 352B dist/kernel/paths.js
npm notice 536B dist/kernel/paths.js.map
npm notice 446B dist/kernel/prompts.d.ts
npm notice 555B dist/kernel/prompts.d.ts.map
npm notice 1.5kB dist/kernel/prompts.js
npm notice 1.6kB dist/kernel/prompts.js.map
npm notice 1.7kB package.json
npm notice Tarball Details
npm notice name: @evograph/cli
npm notice version: 0.1.0
npm notice filename: evograph-cli-0.1.0.tgz
npm notice package size: 41.2 kB
npm notice unpacked size: 183.3 kB
npm notice shasum: dffd56db278a76e0ef355ccef4cfbdce64f25e93
npm notice integrity: sha512-ZokJATcntkbdM[...]Sdr6LO9jfIkag==
npm notice total files: 152
npm notice
evograph-cli-0.1.0.tgz
